2025-02-01 15:19:22 INFO  HttpRequest:86 - METHOD: GET
2025-02-01 15:19:22 INFO  HttpRequest:87 - URI: /product
2025-02-01 15:19:22 INFO  HttpRequest:88 - HEADERS: {Accept=*/*, User-Agent=PostmanRuntime/7.43.0, Connection=keep-alive, Postman-Token=03d5cbf9-eff1-47f4-a1fa-9d2e082dabf5, Host=localhost:8189, Accept-Encoding=gzip, deflate, br, Content-Length=39, Content-Type=application/json}
2025-02-01 15:19:22 INFO  HttpRequest:89 - BODY: {
    "id": 5,
    "title": "Kiwi"
}
2025-02-01 15:19:22 INFO  HttpRequest:92 - GET /product HTTP/1.1
Content-Type: application/json
User-Agent: PostmanRuntime/7.43.0
Accept: */*
Postman-Token: 03d5cbf9-eff1-47f4-a1fa-9d2e082dabf5
Host: localhost:8189
Accept-Encoding: gzip, deflate, br
Connection: keep-alive
Content-Length: 39

{
    "id": 5,
    "title": "Kiwi"
}
2025-02-01 15:19:31 INFO  HttpRequest:86 - METHOD: PUT
2025-02-01 15:19:31 INFO  HttpRequest:87 - URI: /product
2025-02-01 15:19:31 INFO  HttpRequest:88 - HEADERS: {Accept=*/*, User-Agent=PostmanRuntime/7.43.0, Connection=keep-alive, Postman-Token=239f1a50-1d98-4c4a-8d13-ffdcdd403bc4, Host=localhost:8189, Accept-Encoding=gzip, deflate, br, Content-Length=39, Content-Type=application/json}
2025-02-01 15:19:31 INFO  HttpRequest:89 - BODY: {
    "id": 5,
    "title": "Kiwi"
}
2025-02-01 15:19:31 INFO  HttpRequest:92 - PUT /product HTTP/1.1
Content-Type: application/json
User-Agent: PostmanRuntime/7.43.0
Accept: */*
Postman-Token: 239f1a50-1d98-4c4a-8d13-ffdcdd403bc4
Host: localhost:8189
Accept-Encoding: gzip, deflate, br
Connection: keep-alive
Content-Length: 39

{
    "id": 5,
    "title": "Kiwi"
}
2025-02-01 15:19:32 INFO  UpdateProductProcessor:37 - Обновление продукта - Продукта в списке нет. Создание: Product{id=5, title='Kiwi'}
2025-02-01 15:19:59 INFO  HttpRequest:86 - METHOD: POST
2025-02-01 15:19:59 INFO  HttpRequest:87 - URI: /productdelete
2025-02-01 15:19:59 INFO  HttpRequest:88 - HEADERS: {Accept=*/*, User-Agent=PostmanRuntime/7.43.0, Connection=keep-alive, Postman-Token=fdf521f6-7570-440e-b508-dc3432b212ef, Host=localhost:8189, Accept-Encoding=gzip, deflate, br, Content-Length=39, Content-Type=application/json}
2025-02-01 15:19:59 INFO  HttpRequest:89 - BODY: {
    "id": 5,
    "title": "Kiwi"
}
2025-02-01 15:19:59 INFO  HttpRequest:92 - POST /productdelete?id=8 HTTP/1.1
Content-Type: application/json
User-Agent: PostmanRuntime/7.43.0
Accept: */*
Postman-Token: fdf521f6-7570-440e-b508-dc3432b212ef
Host: localhost:8189
Accept-Encoding: gzip, deflate, br
Connection: keep-alive
Content-Length: 39

{
    "id": 5,
    "title": "Kiwi"
}
2025-02-01 15:19:59 INFO  DeleteProductProcessor:56 - Удаление всех продукта - Продукт не найден по ИД
2025-02-01 15:20:05 INFO  HttpRequest:86 - METHOD: POST
2025-02-01 15:20:05 INFO  HttpRequest:87 - URI: /productdelete
2025-02-01 15:20:05 INFO  HttpRequest:88 - HEADERS: {Accept=*/*, User-Agent=PostmanRuntime/7.43.0, Connection=keep-alive, Postman-Token=896731da-2b75-41d0-b8f3-e3e4799dcd21, Host=localhost:8189, Accept-Encoding=gzip, deflate, br, Content-Length=39, Content-Type=application/json}
2025-02-01 15:20:05 INFO  HttpRequest:89 - BODY: {
    "id": 5,
    "title": "Kiwi"
}
2025-02-01 15:20:05 INFO  HttpRequest:92 - POST /productdelete?id=4 HTTP/1.1
Content-Type: application/json
User-Agent: PostmanRuntime/7.43.0
Accept: */*
Postman-Token: 896731da-2b75-41d0-b8f3-e3e4799dcd21
Host: localhost:8189
Accept-Encoding: gzip, deflate, br
Connection: keep-alive
Content-Length: 39

{
    "id": 5,
    "title": "Kiwi"
}
2025-02-01 15:20:05 INFO  DeleteProductProcessor:35 - Удаление продукта по ИД - ОК
2025-02-01 15:20:25 INFO  HttpRequest:86 - METHOD: PUT
2025-02-01 15:20:25 INFO  HttpRequest:87 - URI: /product
2025-02-01 15:20:25 INFO  HttpRequest:88 - HEADERS: {Accept=*/*, User-Agent=PostmanRuntime/7.43.0, Connection=keep-alive, Postman-Token=60224cc8-14c5-4930-9395-8671172e39c3, Host=localhost:8189, Accept-Encoding=gzip, deflate, br, Content-Length=39, Content-Type=application/json}
2025-02-01 15:20:25 INFO  HttpRequest:89 - BODY: {
    "id": 5,
    "title": "Kiwi"
}
2025-02-01 15:20:25 INFO  HttpRequest:92 - PUT /product HTTP/1.1
Content-Type: application/json
User-Agent: PostmanRuntime/7.43.0
Accept: */*
Postman-Token: 60224cc8-14c5-4930-9395-8671172e39c3
Host: localhost:8189
Accept-Encoding: gzip, deflate, br
Connection: keep-alive
Content-Length: 39

{
    "id": 5,
    "title": "Kiwi"
}
2025-02-01 15:20:25 INFO  UpdateProductProcessor:37 - Обновление продукта - Продукта в списке нет. Создание: Product{id=5, title='Kiwi'}
2025-02-01 15:20:44 INFO  HttpRequest:86 - METHOD: PUT
2025-02-01 15:20:44 INFO  HttpRequest:87 - URI: /product
2025-02-01 15:20:44 INFO  HttpRequest:88 - HEADERS: {Accept=*/*, User-Agent=PostmanRuntime/7.43.0, Connection=keep-alive, Postman-Token=af639533-2766-42eb-8c38-9f7d48613509, Host=localhost:8189, Accept-Encoding=gzip, deflate, br, Content-Length=40, Content-Type=application/json}
2025-02-01 15:20:44 INFO  HttpRequest:89 - BODY: {
    "id": 2,
    "title": "Apple"
}
2025-02-01 15:20:44 INFO  HttpRequest:92 - PUT /product HTTP/1.1
Content-Type: application/json
User-Agent: PostmanRuntime/7.43.0
Accept: */*
Postman-Token: af639533-2766-42eb-8c38-9f7d48613509
Host: localhost:8189
Accept-Encoding: gzip, deflate, br
Connection: keep-alive
Content-Length: 40

{
    "id": 2,
    "title": "Apple"
}
2025-02-01 15:20:44 INFO  UpdateProductProcessor:34 - Обновление продукта - ОК: Product{id=2, title='Apple'}
2025-02-01 15:20:49 INFO  HttpRequest:86 - METHOD: PUT
2025-02-01 15:20:49 INFO  HttpRequest:87 - URI: /productgrt
2025-02-01 15:20:49 INFO  HttpRequest:88 - HEADERS: {Accept=*/*, User-Agent=PostmanRuntime/7.43.0, Connection=keep-alive, Postman-Token=55677348-67f1-44d2-a29a-8f3313832222, Host=localhost:8189, Accept-Encoding=gzip, deflate, br, Content-Length=40, Content-Type=application/json}
2025-02-01 15:20:49 INFO  HttpRequest:89 - BODY: {
    "id": 2,
    "title": "Apple"
}
2025-02-01 15:20:49 INFO  HttpRequest:92 - PUT /productgrt HTTP/1.1
Content-Type: application/json
User-Agent: PostmanRuntime/7.43.0
Accept: */*
Postman-Token: 55677348-67f1-44d2-a29a-8f3313832222
Host: localhost:8189
Accept-Encoding: gzip, deflate, br
Connection: keep-alive
Content-Length: 40

{
    "id": 2,
    "title": "Apple"
}
2025-02-01 15:20:49 ERROR Default404Processor:21 - Страница не найдена
